// Jest Snapshot v1, https://goo.gl/fbAQLP

exports[`<HorizontalMenu> snapshot 1`] = `
Object {
  "asFragment": [Function],
  "baseElement": <body>
    <div>
      <header
        class="MuiPaper-root MuiPaper-elevation MuiPaper-elevation4 MuiAppBar-root MuiAppBar-colorPrimary MuiAppBar-positionStatic app-bar horizontal-menu css-hip9hq-MuiPaper-root-MuiAppBar-root"
      >
        <div
          class="app-bar__content"
        >
          <div
            class="MuiTabs-root tabs css-1ujnqem-MuiTabs-root"
          >
            <div
              class="MuiTabs-scroller MuiTabs-fixed css-jpln7h-MuiTabs-scroller"
              style="overflow: hidden; margin-bottom: 0px;"
            >
              <div
                class="MuiTabs-flexContainer css-heg063-MuiTabs-flexContainer"
                role="tablist"
              >
                <button
                  class="MuiButtonBase-root MuiTab-root MuiTab-textColorInherit tab horizontal-menu__tab css-cjctlb-MuiButtonBase-root-MuiTab-root"
                  role="tab"
                  tabindex="-1"
                  type="button"
                >
                  Home
                  <span
                    class="MuiTouchRipple-root css-8je8zh-MuiTouchRipple-root"
                  />
                </button>
                <button
                  class="MuiButtonBase-root MuiTab-root MuiTab-textColorInherit tab horizontal-menu__tab css-cjctlb-MuiButtonBase-root-MuiTab-root"
                  role="tab"
                  tabindex="-1"
                  type="button"
                >
                  Appointments
                  <span
                    class="MuiTouchRipple-root css-8je8zh-MuiTouchRipple-root"
                  />
                </button>
                <button
                  class="MuiButtonBase-root MuiTab-root MuiTab-textColorInherit tab horizontal-menu__tab css-cjctlb-MuiButtonBase-root-MuiTab-root"
                  role="tab"
                  tabindex="-1"
                  type="button"
                >
                  My Health
                  <span
                    class="MuiTouchRipple-root css-8je8zh-MuiTouchRipple-root"
                  />
                </button>
              </div>
              <span
                class="MuiTabs-indicator tabs__indicator css-1aquho2-MuiTabs-indicator"
                style="left: 0px; width: 0px;"
              />
            </div>
          </div>
        </div>
      </header>
    </div>
  </body>,
  "container": <div>
    <header
      class="MuiPaper-root MuiPaper-elevation MuiPaper-elevation4 MuiAppBar-root MuiAppBar-colorPrimary MuiAppBar-positionStatic app-bar horizontal-menu css-hip9hq-MuiPaper-root-MuiAppBar-root"
    >
      <div
        class="app-bar__content"
      >
        <div
          class="MuiTabs-root tabs css-1ujnqem-MuiTabs-root"
        >
          <div
            class="MuiTabs-scroller MuiTabs-fixed css-jpln7h-MuiTabs-scroller"
            style="overflow: hidden; margin-bottom: 0px;"
          >
            <div
              class="MuiTabs-flexContainer css-heg063-MuiTabs-flexContainer"
              role="tablist"
            >
              <button
                class="MuiButtonBase-root MuiTab-root MuiTab-textColorInherit tab horizontal-menu__tab css-cjctlb-MuiButtonBase-root-MuiTab-root"
                role="tab"
                tabindex="-1"
                type="button"
              >
                Home
                <span
                  class="MuiTouchRipple-root css-8je8zh-MuiTouchRipple-root"
                />
              </button>
              <button
                class="MuiButtonBase-root MuiTab-root MuiTab-textColorInherit tab horizontal-menu__tab css-cjctlb-MuiButtonBase-root-MuiTab-root"
                role="tab"
                tabindex="-1"
                type="button"
              >
                Appointments
                <span
                  class="MuiTouchRipple-root css-8je8zh-MuiTouchRipple-root"
                />
              </button>
              <button
                class="MuiButtonBase-root MuiTab-root MuiTab-textColorInherit tab horizontal-menu__tab css-cjctlb-MuiButtonBase-root-MuiTab-root"
                role="tab"
                tabindex="-1"
                type="button"
              >
                My Health
                <span
                  class="MuiTouchRipple-root css-8je8zh-MuiTouchRipple-root"
                />
              </button>
            </div>
            <span
              class="MuiTabs-indicator tabs__indicator css-1aquho2-MuiTabs-indicator"
              style="left: 0px; width: 0px;"
            />
          </div>
        </div>
      </div>
    </header>
  </div>,
  "debug": [Function],
  "findAllByAltText": [Function],
  "findAllByDisplayValue": [Function],
  "findAllByLabelText": [Function],
  "findAllByPlaceholderText": [Function],
  "findAllByRole": [Function],
  "findAllByTestId": [Function],
  "findAllByText": [Function],
  "findAllByTitle": [Function],
  "findByAltText": [Function],
  "findByDisplayValue": [Function],
  "findByLabelText": [Function],
  "findByPlaceholderText": [Function],
  "findByRole": [Function],
  "findByTestId": [Function],
  "findByText": [Function],
  "findByTitle": [Function],
  "getAllByAltText": [Function],
  "getAllByDisplayValue": [Function],
  "getAllByLabelText": [Function],
  "getAllByPlaceholderText": [Function],
  "getAllByRole": [Function],
  "getAllByTestId": [Function],
  "getAllByText": [Function],
  "getAllByTitle": [Function],
  "getByAltText": [Function],
  "getByDisplayValue": [Function],
  "getByLabelText": [Function],
  "getByPlaceholderText": [Function],
  "getByRole": [Function],
  "getByTestId": [Function],
  "getByText": [Function],
  "getByTitle": [Function],
  "queryAllByAltText": [Function],
  "queryAllByDisplayValue": [Function],
  "queryAllByLabelText": [Function],
  "queryAllByPlaceholderText": [Function],
  "queryAllByRole": [Function],
  "queryAllByTestId": [Function],
  "queryAllByText": [Function],
  "queryAllByTitle": [Function],
  "queryByAltText": [Function],
  "queryByDisplayValue": [Function],
  "queryByLabelText": [Function],
  "queryByPlaceholderText": [Function],
  "queryByRole": [Function],
  "queryByTestId": [Function],
  "queryByText": [Function],
  "queryByTitle": [Function],
  "rerender": [Function],
  "unmount": [Function],
}
`;
